// Jest Snapshot v1, https://goo.gl/fbAQLP

exports[`Testing BookCard component renders correctly 1`] = `
<ContextProvider
  value={
    Object {
      "history": Object {
        "listen": [MockFunction] {
          "calls": Array [
            Array [
              [Function],
            ],
          ],
          "results": Array [
            Object {
              "type": "return",
              "value": undefined,
            },
          ],
        },
        "location": Object {},
        "push": [MockFunction],
      },
      "location": Object {},
      "match": Object {
        "isExact": false,
        "params": Object {},
        "path": "/",
        "url": "/",
      },
      "staticContext": undefined,
    }
  }
>
  <ContextProvider
    value={
      Object {
        "listen": [MockFunction] {
          "calls": Array [
            Array [
              [Function],
            ],
          ],
          "results": Array [
            Object {
              "type": "return",
              "value": undefined,
            },
          ],
        },
        "location": Object {},
        "push": [MockFunction],
      }
    }
  >
    <BookCard
      book={
        Object {
          "description": "a",
          "id": "1",
          "title": "a",
        }
      }
    />
  </ContextProvider>
</ContextProvider>
`;
